Num of animals
type and name of animal 0
type and name of animal 1
type and name of animal 2
LION
khar
TIGER
goosale
SHEEP
babayi
Years :
Queries :
id and d
id and d
id and d
Fights :
OKAY
OKAY
OKAY
